// Jest Snapshot v1, https://goo.gl/fbAQLP

exports[`ButtonsView tests ButtonsView snapshot 1`] = `
<RCTSafeAreaView
  id="test1"
  style={
    {
      "flex": 1,
      "marginHorizontal": 16,
      "marginTop": 12,
    }
  }
>
  <View>
    <Text
      style={
        {
          "marginVertical": 8,
          "textAlign": "center",
        }
      }
    >
      The title and onPress handler are required. It is recommended to set accessibilityLabel to help make your app usable by everyone.
    </Text>
    <View
      accessibilityRole="button"
      accessible={true}
      collapsable={false}
      focusable={true}
      onClick={[Function]}
      onResponderGrant={[Function]}
      onResponderMove={[Function]}
      onResponderRelease={[Function]}
      onResponderTerminate={[Function]}
      onResponderTerminationRequest={[Function]}
      onStartShouldSetResponder={[Function]}
      style={
        {
          "opacity": 1,
        }
      }
    >
      <View
        style={
          [
            {},
          ]
        }
      >
        <Text
          style={
            [
              {
                "color": "#007AFF",
                "fontSize": 18,
                "margin": 8,
                "textAlign": "center",
              },
            ]
          }
        >
          Press me
        </Text>
      </View>
    </View>
  </View>
  <View
    style={
      {
        "borderBottomColor": "#737373",
        "borderBottomWidth": 6,
        "marginVertical": 8,
      }
    }
  />
  <View>
    <Text
      style={
        {
          "marginVertical": 8,
          "textAlign": "center",
        }
      }
    >
      Adjust the color in a way that looks standard on each platform. On iOS, the color prop controls the color of the text. On Android, the color adjusts the background color of the button.
    </Text>
    <View
      accessibilityRole="button"
      accessible={true}
      collapsable={false}
      focusable={true}
      onClick={[Function]}
      onResponderGrant={[Function]}
      onResponderMove={[Function]}
      onResponderRelease={[Function]}
      onResponderTerminate={[Function]}
      onResponderTerminationRequest={[Function]}
      onStartShouldSetResponder={[Function]}
      style={
        {
          "opacity": 1,
        }
      }
    >
      <View
        style={
          [
            {},
          ]
        }
      >
        <Text
          style={
            [
              {
                "color": "#007AFF",
                "fontSize": 18,
                "margin": 8,
                "textAlign": "center",
              },
              {
                "color": "#f194ff",
              },
            ]
          }
        >
          Press me
        </Text>
      </View>
    </View>
  </View>
  <View
    style={
      {
        "borderBottomColor": "#737373",
        "borderBottomWidth": 6,
        "marginVertical": 8,
      }
    }
  />
  <View>
    <Text
      style={
        {
          "marginVertical": 8,
          "textAlign": "center",
        }
      }
    >
      All interaction for the component are disabled.
    </Text>
    <View
      accessibilityRole="button"
      accessibilityState={
        {
          "disabled": true,
        }
      }
      accessible={true}
      collapsable={false}
      focusable={true}
      onClick={[Function]}
      onResponderGrant={[Function]}
      onResponderMove={[Function]}
      onResponderRelease={[Function]}
      onResponderTerminate={[Function]}
      onResponderTerminationRequest={[Function]}
      onStartShouldSetResponder={[Function]}
      style={
        {
          "opacity": 1,
        }
      }
    >
      <View
        style={
          [
            {},
            {},
          ]
        }
      >
        <Text
          disabled={true}
          style={
            [
              {
                "color": "#007AFF",
                "fontSize": 18,
                "margin": 8,
                "textAlign": "center",
              },
              {
                "color": "#cdcdcd",
              },
            ]
          }
        >
          Press me
        </Text>
      </View>
    </View>
  </View>
  <View
    style={
      {
        "borderBottomColor": "#737373",
        "borderBottomWidth": 6,
        "marginVertical": 8,
      }
    }
  />
  <View>
    <Text
      style={
        {
          "marginVertical": 8,
          "textAlign": "center",
        }
      }
    >
      This layout strategy lets the title define the width of the button.
    </Text>
    <View
      style={
        {
          "flexDirection": "row",
          "justifyContent": "space-between",
        }
      }
    >
      <View
        accessibilityRole="button"
        accessible={true}
        collapsable={false}
        focusable={true}
        onClick={[Function]}
        onResponderGrant={[Function]}
        onResponderMove={[Function]}
        onResponderRelease={[Function]}
        onResponderTerminate={[Function]}
        onResponderTerminationRequest={[Function]}
        onStartShouldSetResponder={[Function]}
        style={
          {
            "opacity": 1,
          }
        }
      >
        <View
          style={
            [
              {},
            ]
          }
        >
          <Text
            style={
              [
                {
                  "color": "#007AFF",
                  "fontSize": 18,
                  "margin": 8,
                  "textAlign": "center",
                },
              ]
            }
          >
            Left button
          </Text>
        </View>
      </View>
      <View
        accessibilityRole="button"
        accessible={true}
        collapsable={false}
        focusable={true}
        onClick={[Function]}
        onResponderGrant={[Function]}
        onResponderMove={[Function]}
        onResponderRelease={[Function]}
        onResponderTerminate={[Function]}
        onResponderTerminationRequest={[Function]}
        onStartShouldSetResponder={[Function]}
        style={
          {
            "opacity": 1,
          }
        }
      >
        <View
          style={
            [
              {},
            ]
          }
        >
          <Text
            style={
              [
                {
                  "color": "#007AFF",
                  "fontSize": 18,
                  "margin": 8,
                  "textAlign": "center",
                },
              ]
            }
          >
            Right button
          </Text>
        </View>
      </View>
    </View>
  </View>
</RCTSafeAreaView>
`;
